16:20:05 **** Incremental Build of configuration Debug for project pwm_generator ****
make -j20 all 
python ..\__build_tool.py pre pwm_generator
proj: pwm_generator phase: pre
 
arm-none-eabi-gcc "../src/common_drivers/maria_table.c" -mcpu=cortex-m4 -std=gnu11 -g3 -DDEBUG -DUSE_HAL_DRIVER -DSTM32L412xx -DBOARD_PWM_GENERATOR_1_0 -DTARGET_ARCH_ARM -DNO_MARIA_INFO -DLINK_MARIA -c -I../Core/Inc -I../Drivers/STM32L4xx_HAL_Driver/Inc -I../Drivers/STM32L4xx_HAL_Driver/Inc/Legacy -I../Drivers/CMSIS/Device/ST/STM32L4xx/Include -I../Drivers/CMSIS/Include -I"C:/houston/src/stm32/workspace_pwm_generator/pwm_generator/src/common_drivers" -I"C:/houston/src/stm32/workspace_pwm_generator/pwm_generator/src/maria_monitor/src" -I"C:/houston/src/stm32/workspace_pwm_generator/pwm_generator/src" -O0 -ffunction-sections -fdata-sections -Wall -fstack-usage -fcyclomatic-complexity -MMD -MP -MF"src/common_drivers/maria_table.d" -MT"src/common_drivers/maria_table.o" --specs=nano.specs -mfpu=fpv4-sp-d16 -mfloat-abi=hard -mthumb -o "src/common_drivers/maria_table.o"
../src/common_drivers/maria_table.c: In function 'init_maria_table':
../src/common_drivers/maria_table.c:81:10: warning: unused variable 'i' [-Wunused-variable]
   81 |      int i=0;
      |          ^
arm-none-eabi-gcc -o "pwm_generator.elf" @"objects.list"   -mcpu=cortex-m4 -T"C:\houston\src\stm32\workspace_pwm_generator\pwm_generator\STM32L412KBUX_FLASH.ld" --specs=nosys.specs -Wl,-Map="pwm_generator.map" -Wl,--gc-sections -static --specs=nano.specs -mfpu=fpv4-sp-d16 -mfloat-abi=hard -mthumb -Wl,--start-group -lc -lm -Wl,--end-group
Finished building target: pwm_generator.elf
 
arm-none-eabi-size  pwm_generator.elf 
arm-none-eabi-objdump -h -S pwm_generator.elf  > "pwm_generator.list"
   text	   data	    bss	    dec	    hex	filename
  31032	   1488	   3416	  35936	   8c60	pwm_generator.elf
Finished building: default.size.stdout
 
Finished building: pwm_generator.list
 
python ..\__build_tool.py post pwm_generator
proj: pwm_generator phase: post
 
16:20:32 **** Incremental Build of configuration Debug for project pwm_generator ****
make -j20 all 
python ..\__build_tool.py pre pwm_generator
proj: pwm_generator phase: pre
 
arm-none-eabi-gcc "../src/common_drivers/maria_table.c" -mcpu=cortex-m4 -std=gnu11 -g3 -DDEBUG -DUSE_HAL_DRIVER -DSTM32L412xx -DBOARD_PWM_GENERATOR_1_0 -DTARGET_ARCH_ARM -DNO_MARIA_INFO -DLINK_MARIA -c -I../Core/Inc -I../Drivers/STM32L4xx_HAL_Driver/Inc -I../Drivers/STM32L4xx_HAL_Driver/Inc/Legacy -I../Drivers/CMSIS/Device/ST/STM32L4xx/Include -I../Drivers/CMSIS/Include -I"C:/houston/src/stm32/workspace_pwm_generator/pwm_generator/src/common_drivers" -I"C:/houston/src/stm32/workspace_pwm_generator/pwm_generator/src/maria_monitor/src" -I"C:/houston/src/stm32/workspace_pwm_generator/pwm_generator/src" -O0 -ffunction-sections -fdata-sections -Wall -fstack-usage -fcyclomatic-complexity -MMD -MP -MF"src/common_drivers/maria_table.d" -MT"src/common_drivers/maria_table.o" --specs=nano.specs -mfpu=fpv4-sp-d16 -mfloat-abi=hard -mthumb -o "src/common_drivers/maria_table.o"
../src/common_drivers/maria_table.c: In function 'init_maria_table':
../src/common_drivers/maria_table.c:81:10: warning: unused variable 'i' [-Wunused-variable]
   81 |      int i=0;
      |          ^
arm-none-eabi-gcc -o "pwm_generator.elf" @"objects.list"   -mcpu=cortex-m4 -T"C:\houston\src\stm32\workspace_pwm_generator\pwm_generator\STM32L412KBUX_FLASH.ld" --specs=nosys.specs -Wl,-Map="pwm_generator.map" -Wl,--gc-sections -static --specs=nano.specs -mfpu=fpv4-sp-d16 -mfloat-abi=hard -mthumb -Wl,--start-group -lc -lm -Wl,--end-group
Finished building target: pwm_generator.elf
 
arm-none-eabi-size  pwm_generator.elf 
arm-none-eabi-objdump -h -S pwm_generator.elf  > "pwm_generator.list"
   text	   data	    bss	    dec	    hex	filename
  31032	   1488	   3416	  35936	   8c60	pwm_generator.elf
Finished building: default.size.stdout
 
Finished building: pwm_generator.list
 
python ..\__build_tool.py post pwm_generator
proj: pwm_generator phase: post
 
16:20:53 **** Incremental Build of configuration Debug for project pwm_generator ****
make -j20 all 
python ..\__build_tool.py pre pwm_generator
proj: pwm_generator phase: pre
 
arm-none-eabi-gcc "../src/common_drivers/maria_table.c" -mcpu=cortex-m4 -std=gnu11 -g3 -DDEBUG -DUSE_HAL_DRIVER -DSTM32L412xx -DBOARD_PWM_GENERATOR_1_0 -DTARGET_ARCH_ARM -DNO_MARIA_INFO -DLINK_MARIA -c -I../Core/Inc -I../Drivers/STM32L4xx_HAL_Driver/Inc -I../Drivers/STM32L4xx_HAL_Driver/Inc/Legacy -I../Drivers/CMSIS/Device/ST/STM32L4xx/Include -I../Drivers/CMSIS/Include -I"C:/houston/src/stm32/workspace_pwm_generator/pwm_generator/src/common_drivers" -I"C:/houston/src/stm32/workspace_pwm_generator/pwm_generator/src/maria_monitor/src" -I"C:/houston/src/stm32/workspace_pwm_generator/pwm_generator/src" -O0 -ffunction-sections -fdata-sections -Wall -fstack-usage -fcyclomatic-complexity -MMD -MP -MF"src/common_drivers/maria_table.d" -MT"src/common_drivers/maria_table.o" --specs=nano.specs -mfpu=fpv4-sp-d16 -mfloat-abi=hard -mthumb -o "src/common_drivers/maria_table.o"
../src/common_drivers/maria_table.c: In function 'init_maria_table':
../src/common_drivers/maria_table.c:81:10: warning: unused variable 'i' [-Wunused-variable]
   81 |      int i=0;
      |          ^
arm-none-eabi-gcc -o "pwm_generator.elf" @"objects.list"   -mcpu=cortex-m4 -T"C:\houston\src\stm32\workspace_pwm_generator\pwm_generator\STM32L412KBUX_FLASH.ld" --specs=nosys.specs -Wl,-Map="pwm_generator.map" -Wl,--gc-sections -static --specs=nano.specs -mfpu=fpv4-sp-d16 -mfloat-abi=hard -mthumb -Wl,--start-group -lc -lm -Wl,--end-group
Finished building target: pwm_generator.elf
 
arm-none-eabi-size  pwm_generator.elf 
arm-none-eabi-objdump -h -S pwm_generator.elf  > "pwm_generator.list"
   text	   data	    bss	    dec	    hex	filename
  31032	   1488	   3416	  35936	   8c60	pwm_generator.elf
Finished building: default.size.stdout
 
Finished building: pwm_generator.list
 
python ..\__build_tool.py post pwm_generator
proj: pwm_generator phase: post
 
16:21:13 **** Incremental Build of configuration Debug for project pwm_generator ****
make -j20 all 
python ..\__build_tool.py pre pwm_generator
proj: pwm_generator phase: pre
 
arm-none-eabi-gcc "../src/common_drivers/maria_table.c" -mcpu=cortex-m4 -std=gnu11 -g3 -DDEBUG -DUSE_HAL_DRIVER -DSTM32L412xx -DBOARD_PWM_GENERATOR_1_0 -DTARGET_ARCH_ARM -DNO_MARIA_INFO -DLINK_MARIA -c -I../Core/Inc -I../Drivers/STM32L4xx_HAL_Driver/Inc -I../Drivers/STM32L4xx_HAL_Driver/Inc/Legacy -I../Drivers/CMSIS/Device/ST/STM32L4xx/Include -I../Drivers/CMSIS/Include -I"C:/houston/src/stm32/workspace_pwm_generator/pwm_generator/src/common_drivers" -I"C:/houston/src/stm32/workspace_pwm_generator/pwm_generator/src/maria_monitor/src" -I"C:/houston/src/stm32/workspace_pwm_generator/pwm_generator/src" -O0 -ffunction-sections -fdata-sections -Wall -fstack-usage -fcyclomatic-complexity -MMD -MP -MF"src/common_drivers/maria_table.d" -MT"src/common_drivers/maria_table.o" --specs=nano.specs -mfpu=fpv4-sp-d16 -mfloat-abi=hard -mthumb -o "src/common_drivers/maria_table.o"
../src/common_drivers/maria_table.c: In function 'init_maria_table':
../src/common_drivers/maria_table.c:81:10: warning: unused variable 'i' [-Wunused-variable]
   81 |      int i=0;
      |          ^
arm-none-eabi-gcc -o "pwm_generator.elf" @"objects.list"   -mcpu=cortex-m4 -T"C:\houston\src\stm32\workspace_pwm_generator\pwm_generator\STM32L412KBUX_FLASH.ld" --specs=nosys.specs -Wl,-Map="pwm_generator.map" -Wl,--gc-sections -static --specs=nano.specs -mfpu=fpv4-sp-d16 -mfloat-abi=hard -mthumb -Wl,--start-group -lc -lm -Wl,--end-group
Finished building target: pwm_generator.elf
 
arm-none-eabi-size  pwm_generator.elf 
arm-none-eabi-objdump -h -S pwm_generator.elf  > "pwm_generator.list"
   text	   data	    bss	    dec	    hex	filename
  31032	   1488	   3416	  35936	   8c60	pwm_generator.elf
Finished building: default.size.stdout
 
Finished building: pwm_generator.list
 
python ..\__build_tool.py post pwm_generator
proj: pwm_generator phase: post
 
16:21:31 **** Incremental Build of configuration Debug for project pwm_generator ****
make -j20 all 
python ..\__build_tool.py pre pwm_generator
proj: pwm_generator phase: pre
 
arm-none-eabi-gcc "../src/common_drivers/maria_table.c" -mcpu=cortex-m4 -std=gnu11 -g3 -DDEBUG -DUSE_HAL_DRIVER -DSTM32L412xx -DBOARD_PWM_GENERATOR_1_0 -DTARGET_ARCH_ARM -DNO_MARIA_INFO -DLINK_MARIA -c -I../Core/Inc -I../Drivers/STM32L4xx_HAL_Driver/Inc -I../Drivers/STM32L4xx_HAL_Driver/Inc/Legacy -I../Drivers/CMSIS/Device/ST/STM32L4xx/Include -I../Drivers/CMSIS/Include -I"C:/houston/src/stm32/workspace_pwm_generator/pwm_generator/src/common_drivers" -I"C:/houston/src/stm32/workspace_pwm_generator/pwm_generator/src/maria_monitor/src" -I"C:/houston/src/stm32/workspace_pwm_generator/pwm_generator/src" -O0 -ffunction-sections -fdata-sections -Wall -fstack-usage -fcyclomatic-complexity -MMD -MP -MF"src/common_drivers/maria_table.d" -MT"src/common_drivers/maria_table.o" --specs=nano.specs -mfpu=fpv4-sp-d16 -mfloat-abi=hard -mthumb -o "src/common_drivers/maria_table.o"
../src/common_drivers/maria_table.c: In function 'init_maria_table':
../src/common_drivers/maria_table.c:81:10: warning: unused variable 'i' [-Wunused-variable]
   81 |      int i=0;
      |          ^
arm-none-eabi-gcc -o "pwm_generator.elf" @"objects.list"   -mcpu=cortex-m4 -T"C:\houston\src\stm32\workspace_pwm_generator\pwm_generator\STM32L412KBUX_FLASH.ld" --specs=nosys.specs -Wl,-Map="pwm_generator.map" -Wl,--gc-sections -static --specs=nano.specs -mfpu=fpv4-sp-d16 -mfloat-abi=hard -mthumb -Wl,--start-group -lc -lm -Wl,--end-group
Finished building target: pwm_generator.elf
 
arm-none-eabi-size  pwm_generator.elf 
arm-none-eabi-objdump -h -S pwm_generator.elf  > "pwm_generator.list"
   text	   data	    bss	    dec	    hex	filename
  31032	   1488	   3416	  35936	   8c60	pwm_generator.elf
Finished building: default.size.stdout
 
Finished building: pwm_generator.list
 
python ..\__build_tool.py post pwm_generator
proj: pwm_generator phase: post
 
16:22:42 **** Incremental Build of configuration Debug for project pwm_generator ****
make -j20 all 
python ..\__build_tool.py pre pwm_generator
proj: pwm_generator phase: pre
 
arm-none-eabi-gcc "../src/common_drivers/maria_table.c" -mcpu=cortex-m4 -std=gnu11 -g3 -DDEBUG -DUSE_HAL_DRIVER -DSTM32L412xx -DBOARD_PWM_GENERATOR_1_0 -DTARGET_ARCH_ARM -DNO_MARIA_INFO -DLINK_MARIA -c -I../Core/Inc -I../Drivers/STM32L4xx_HAL_Driver/Inc -I../Drivers/STM32L4xx_HAL_Driver/Inc/Legacy -I../Drivers/CMSIS/Device/ST/STM32L4xx/Include -I../Drivers/CMSIS/Include -I"C:/houston/src/stm32/workspace_pwm_generator/pwm_generator/src/common_drivers" -I"C:/houston/src/stm32/workspace_pwm_generator/pwm_generator/src/maria_monitor/src" -I"C:/houston/src/stm32/workspace_pwm_generator/pwm_generator/src" -O0 -ffunction-sections -fdata-sections -Wall -fstack-usage -fcyclomatic-complexity -MMD -MP -MF"src/common_drivers/maria_table.d" -MT"src/common_drivers/maria_table.o" --specs=nano.specs -mfpu=fpv4-sp-d16 -mfloat-abi=hard -mthumb -o "src/common_drivers/maria_table.o"
../src/common_drivers/maria_table.c: In function 'init_maria_table':
../src/common_drivers/maria_table.c:81:10: warning: unused variable 'i' [-Wunused-variable]
   81 |      int i=0;
      |          ^
arm-none-eabi-gcc -o "pwm_generator.elf" @"objects.list"   -mcpu=cortex-m4 -T"C:\houston\src\stm32\workspace_pwm_generator\pwm_generator\STM32L412KBUX_FLASH.ld" --specs=nosys.specs -Wl,-Map="pwm_generator.map" -Wl,--gc-sections -static --specs=nano.specs -mfpu=fpv4-sp-d16 -mfloat-abi=hard -mthumb -Wl,--start-group -lc -lm -Wl,--end-group
Finished building target: pwm_generator.elf
 
arm-none-eabi-size  pwm_generator.elf 
arm-none-eabi-objdump -h -S pwm_generator.elf  > "pwm_generator.list"
   text	   data	    bss	    dec	    hex	filename
  31032	   1488	   3416	  35936	   8c60	pwm_generator.elf
Finished building: default.size.stdout
 
Finished building: pwm_generator.list
 
python ..\__build_tool.py post pwm_generator
proj: pwm_generator phase: post
 
16:25:48 **** Incremental Build of configuration Debug for project pwm_generator ****
make -j20 all 
python ..\__build_tool.py pre pwm_generator
Unable to open ../Debug/src/symbols.o
proj: pwm_generator phase: pre
 
arm-none-eabi-gcc "../src/common_drivers/drv_maria.c" -mcpu=cortex-m4 -std=gnu11 -g3 -DDEBUG -DUSE_HAL_DRIVER -DSTM32L412xx -DBOARD_PWM_GENERATOR_1_0 -DTARGET_ARCH_ARM -DNO_MARIA_INFO -DLINK_MARIA -c -I../Core/Inc -I../Drivers/STM32L4xx_HAL_Driver/Inc -I../Drivers/STM32L4xx_HAL_Driver/Inc/Legacy -I../Drivers/CMSIS/Device/ST/STM32L4xx/Include -I../Drivers/CMSIS/Include -I"C:/houston/src/stm32/workspace_pwm_generator/pwm_generator/src/common_drivers" -I"C:/houston/src/stm32/workspace_pwm_generator/pwm_generator/src/maria_monitor/src" -I"C:/houston/src/stm32/workspace_pwm_generator/pwm_generator/src" -O0 -ffunction-sections -fdata-sections -Wall -fstack-usage -fcyclomatic-complexity -MMD -MP -MF"src/common_drivers/drv_maria.d" -MT"src/common_drivers/drv_maria.o" --specs=nano.specs -mfpu=fpv4-sp-d16 -mfloat-abi=hard -mthumb -o "src/common_drivers/drv_maria.o"
arm-none-eabi-gcc "../src/common_drivers/maria_table.c" -mcpu=cortex-m4 -std=gnu11 -g3 -DDEBUG -DUSE_HAL_DRIVER -DSTM32L412xx -DBOARD_PWM_GENERATOR_1_0 -DTARGET_ARCH_ARM -DNO_MARIA_INFO -DLINK_MARIA -c -I../Core/Inc -I../Drivers/STM32L4xx_HAL_Driver/Inc -I../Drivers/STM32L4xx_HAL_Driver/Inc/Legacy -I../Drivers/CMSIS/Device/ST/STM32L4xx/Include -I../Drivers/CMSIS/Include -I"C:/houston/src/stm32/workspace_pwm_generator/pwm_generator/src/common_drivers" -I"C:/houston/src/stm32/workspace_pwm_generator/pwm_generator/src/maria_monitor/src" -I"C:/houston/src/stm32/workspace_pwm_generator/pwm_generator/src" -O0 -ffunction-sections -fdata-sections -Wall -fstack-usage -fcyclomatic-complexity -MMD -MP -MF"src/common_drivers/maria_table.d" -MT"src/common_drivers/maria_table.o" --specs=nano.specs -mfpu=fpv4-sp-d16 -mfloat-abi=hard -mthumb -o "src/common_drivers/maria_table.o"
arm-none-eabi-gcc "../src/brd_pwm_generator.c" -mcpu=cortex-m4 -std=gnu11 -g3 -DDEBUG -DUSE_HAL_DRIVER -DSTM32L412xx -DBOARD_PWM_GENERATOR_1_0 -DTARGET_ARCH_ARM -DNO_MARIA_INFO -DLINK_MARIA -c -I../Core/Inc -I../Drivers/STM32L4xx_HAL_Driver/Inc -I../Drivers/STM32L4xx_HAL_Driver/Inc/Legacy -I../Drivers/CMSIS/Device/ST/STM32L4xx/Include -I../Drivers/CMSIS/Include -I"C:/houston/src/stm32/workspace_pwm_generator/pwm_generator/src/common_drivers" -I"C:/houston/src/stm32/workspace_pwm_generator/pwm_generator/src/maria_monitor/src" -I"C:/houston/src/stm32/workspace_pwm_generator/pwm_generator/src" -O0 -ffunction-sections -fdata-sections -Wall -fstack-usage -fcyclomatic-complexity -MMD -MP -MF"src/brd_pwm_generator.d" -MT"src/brd_pwm_generator.o" --specs=nano.specs -mfpu=fpv4-sp-d16 -mfloat-abi=hard -mthumb -o "src/brd_pwm_generator.o"
arm-none-eabi-gcc "../src/symbols.c" -mcpu=cortex-m4 -std=gnu11 -g3 -DDEBUG -DUSE_HAL_DRIVER -DSTM32L412xx -DBOARD_PWM_GENERATOR_1_0 -DTARGET_ARCH_ARM -DNO_MARIA_INFO -DLINK_MARIA -c -I../Core/Inc -I../Drivers/STM32L4xx_HAL_Driver/Inc -I../Drivers/STM32L4xx_HAL_Driver/Inc/Legacy -I../Drivers/CMSIS/Device/ST/STM32L4xx/Include -I../Drivers/CMSIS/Include -I"C:/houston/src/stm32/workspace_pwm_generator/pwm_generator/src/common_drivers" -I"C:/houston/src/stm32/workspace_pwm_generator/pwm_generator/src/maria_monitor/src" -I"C:/houston/src/stm32/workspace_pwm_generator/pwm_generator/src" -O0 -ffunction-sections -fdata-sections -Wall -fstack-usage -fcyclomatic-complexity -MMD -MP -MF"src/symbols.d" -MT"src/symbols.o" --specs=nano.specs -mfpu=fpv4-sp-d16 -mfloat-abi=hard -mthumb -o "src/symbols.o"
arm-none-eabi-gcc "../Drivers/STM32L4xx_HAL_Driver/Src/stm32l4xx_hal.c" -mcpu=cortex-m4 -std=gnu11 -g3 -DDEBUG -DUSE_HAL_DRIVER -DSTM32L412xx -DBOARD_PWM_GENERATOR_1_0 -DTARGET_ARCH_ARM -DNO_MARIA_INFO -DLINK_MARIA -c -I../Core/Inc -I../Drivers/STM32L4xx_HAL_Driver/Inc -I../Drivers/STM32L4xx_HAL_Driver/Inc/Legacy -I../Drivers/CMSIS/Device/ST/STM32L4xx/Include -I../Drivers/CMSIS/Include -I"C:/houston/src/stm32/workspace_pwm_generator/pwm_generator/src/common_drivers" -I"C:/houston/src/stm32/workspace_pwm_generator/pwm_generator/src/maria_monitor/src" -I"C:/houston/src/stm32/workspace_pwm_generator/pwm_generator/src" -O0 -ffunction-sections -fdata-sections -Wall -fstack-usage -fcyclomatic-complexity -MMD -MP -MF"Drivers/STM32L4xx_HAL_Driver/Src/stm32l4xx_hal.d" -MT"Drivers/STM32L4xx_HAL_Driver/Src/stm32l4xx_hal.o" --specs=nano.specs -mfpu=fpv4-sp-d16 -mfloat-abi=hard -mthumb -o "Drivers/STM32L4xx_HAL_Driver/Src/stm32l4xx_hal.o"
arm-none-eabi-gcc "../Drivers/STM32L4xx_HAL_Driver/Src/stm32l4xx_hal_cortex.c" -mcpu=cortex-m4 -std=gnu11 -g3 -DDEBUG -DUSE_HAL_DRIVER -DSTM32L412xx -DBOARD_PWM_GENERATOR_1_0 -DTARGET_ARCH_ARM -DNO_MARIA_INFO -DLINK_MARIA -c -I../Core/Inc -I../Drivers/STM32L4xx_HAL_Driver/Inc -I../Drivers/STM32L4xx_HAL_Driver/Inc/Legacy -I../Drivers/CMSIS/Device/ST/STM32L4xx/Include -I../Drivers/CMSIS/Include -I"C:/houston/src/stm32/workspace_pwm_generator/pwm_generator/src/common_drivers" -I"C:/houston/src/stm32/workspace_pwm_generator/pwm_generator/src/maria_monitor/src" -I"C:/houston/src/stm32/workspace_pwm_generator/pwm_generator/src" -O0 -ffunction-sections -fdata-sections -Wall -fstack-usage -fcyclomatic-complexity -MMD -MP -MF"Drivers/STM32L4xx_HAL_Driver/Src/stm32l4xx_hal_cortex.d" -MT"Drivers/STM32L4xx_HAL_Driver/Src/stm32l4xx_hal_cortex.o" --specs=nano.specs -mfpu=fpv4-sp-d16 -mfloat-abi=hard -mthumb -o "Drivers/STM32L4xx_HAL_Driver/Src/stm32l4xx_hal_cortex.o"
arm-none-eabi-gcc "../Drivers/STM32L4xx_HAL_Driver/Src/stm32l4xx_hal_dma.c" -mcpu=cortex-m4 -std=gnu11 -g3 -DDEBUG -DUSE_HAL_DRIVER -DSTM32L412xx -DBOARD_PWM_GENERATOR_1_0 -DTARGET_ARCH_ARM -DNO_MARIA_INFO -DLINK_MARIA -c -I../Core/Inc -I../Drivers/STM32L4xx_HAL_Driver/Inc -I../Drivers/STM32L4xx_HAL_Driver/Inc/Legacy -I../Drivers/CMSIS/Device/ST/STM32L4xx/Include -I../Drivers/CMSIS/Include -I"C:/houston/src/stm32/workspace_pwm_generator/pwm_generator/src/common_drivers" -I"C:/houston/src/stm32/workspace_pwm_generator/pwm_generator/src/maria_monitor/src" -I"C:/houston/src/stm32/workspace_pwm_generator/pwm_generator/src" -O0 -ffunction-sections -fdata-sections -Wall -fstack-usage -fcyclomatic-complexity -MMD -MP -MF"Drivers/STM32L4xx_HAL_Driver/Src/stm32l4xx_hal_dma.d" -MT"Drivers/STM32L4xx_HAL_Driver/Src/stm32l4xx_hal_dma.o" --specs=nano.specs -mfpu=fpv4-sp-d16 -mfloat-abi=hard -mthumb -o "Drivers/STM32L4xx_HAL_Driver/Src/stm32l4xx_hal_dma.o"
arm-none-eabi-gcc "../Drivers/STM32L4xx_HAL_Driver/Src/stm32l4xx_hal_dma_ex.c" -mcpu=cortex-m4 -std=gnu11 -g3 -DDEBUG -DUSE_HAL_DRIVER -DSTM32L412xx -DBOARD_PWM_GENERATOR_1_0 -DTARGET_ARCH_ARM -DNO_MARIA_INFO -DLINK_MARIA -c -I../Core/Inc -I../Drivers/STM32L4xx_HAL_Driver/Inc -I../Drivers/STM32L4xx_HAL_Driver/Inc/Legacy -I../Drivers/CMSIS/Device/ST/STM32L4xx/Include -I../Drivers/CMSIS/Include -I"C:/houston/src/stm32/workspace_pwm_generator/pwm_generator/src/common_drivers" -I"C:/houston/src/stm32/workspace_pwm_generator/pwm_generator/src/maria_monitor/src" -I"C:/houston/src/stm32/workspace_pwm_generator/pwm_generator/src" -O0 -ffunction-sections -fdata-sections -Wall -fstack-usage -fcyclomatic-complexity -MMD -MP -MF"Drivers/STM32L4xx_HAL_Driver/Src/stm32l4xx_hal_dma_ex.d" -MT"Drivers/STM32L4xx_HAL_Driver/Src/stm32l4xx_hal_dma_ex.o" --specs=nano.specs -mfpu=fpv4-sp-d16 -mfloat-abi=hard -mthumb -o "Drivers/STM32L4xx_HAL_Driver/Src/stm32l4xx_hal_dma_ex.o"
arm-none-eabi-gcc "../Drivers/STM32L4xx_HAL_Driver/Src/stm32l4xx_hal_exti.c" -mcpu=cortex-m4 -std=gnu11 -g3 -DDEBUG -DUSE_HAL_DRIVER -DSTM32L412xx -DBOARD_PWM_GENERATOR_1_0 -DTARGET_ARCH_ARM -DNO_MARIA_INFO -DLINK_MARIA -c -I../Core/Inc -I../Drivers/STM32L4xx_HAL_Driver/Inc -I../Drivers/STM32L4xx_HAL_Driver/Inc/Legacy -I../Drivers/CMSIS/Device/ST/STM32L4xx/Include -I../Drivers/CMSIS/Include -I"C:/houston/src/stm32/workspace_pwm_generator/pwm_generator/src/common_drivers" -I"C:/houston/src/stm32/workspace_pwm_generator/pwm_generator/src/maria_monitor/src" -I"C:/houston/src/stm32/workspace_pwm_generator/pwm_generator/src" -O0 -ffunction-sections -fdata-sections -Wall -fstack-usage -fcyclomatic-complexity -MMD -MP -MF"Drivers/STM32L4xx_HAL_Driver/Src/stm32l4xx_hal_exti.d" -MT"Drivers/STM32L4xx_HAL_Driver/Src/stm32l4xx_hal_exti.o" --specs=nano.specs -mfpu=fpv4-sp-d16 -mfloat-abi=hard -mthumb -o "Drivers/STM32L4xx_HAL_Driver/Src/stm32l4xx_hal_exti.o"
arm-none-eabi-gcc "../Drivers/STM32L4xx_HAL_Driver/Src/stm32l4xx_hal_flash.c" -mcpu=cortex-m4 -std=gnu11 -g3 -DDEBUG -DUSE_HAL_DRIVER -DSTM32L412xx -DBOARD_PWM_GENERATOR_1_0 -DTARGET_ARCH_ARM -DNO_MARIA_INFO -DLINK_MARIA -c -I../Core/Inc -I../Drivers/STM32L4xx_HAL_Driver/Inc -I../Drivers/STM32L4xx_HAL_Driver/Inc/Legacy -I../Drivers/CMSIS/Device/ST/STM32L4xx/Include -I../Drivers/CMSIS/Include -I"C:/houston/src/stm32/workspace_pwm_generator/pwm_generator/src/common_drivers" -I"C:/houston/src/stm32/workspace_pwm_generator/pwm_generator/src/maria_monitor/src" -I"C:/houston/src/stm32/workspace_pwm_generator/pwm_generator/src" -O0 -ffunction-sections -fdata-sections -Wall -fstack-usage -fcyclomatic-complexity -MMD -MP -MF"Drivers/STM32L4xx_HAL_Driver/Src/stm32l4xx_hal_flash.d" -MT"Drivers/STM32L4xx_HAL_Driver/Src/stm32l4xx_hal_flash.o" --specs=nano.specs -mfpu=fpv4-sp-d16 -mfloat-abi=hard -mthumb -o "Drivers/STM32L4xx_HAL_Driver/Src/stm32l4xx_hal_flash.o"
arm-none-eabi-gcc "../Drivers/STM32L4xx_HAL_Driver/Src/stm32l4xx_hal_flash_ex.c" -mcpu=cortex-m4 -std=gnu11 -g3 -DDEBUG -DUSE_HAL_DRIVER -DSTM32L412xx -DBOARD_PWM_GENERATOR_1_0 -DTARGET_ARCH_ARM -DNO_MARIA_INFO -DLINK_MARIA -c -I../Core/Inc -I../Drivers/STM32L4xx_HAL_Driver/Inc -I../Drivers/STM32L4xx_HAL_Driver/Inc/Legacy -I../Drivers/CMSIS/Device/ST/STM32L4xx/Include -I../Drivers/CMSIS/Include -I"C:/houston/src/stm32/workspace_pwm_generator/pwm_generator/src/common_drivers" -I"C:/houston/src/stm32/workspace_pwm_generator/pwm_generator/src/maria_monitor/src" -I"C:/houston/src/stm32/workspace_pwm_generator/pwm_generator/src" -O0 -ffunction-sections -fdata-sections -Wall -fstack-usage -fcyclomatic-complexity -MMD -MP -MF"Drivers/STM32L4xx_HAL_Driver/Src/stm32l4xx_hal_flash_ex.d" -MT"Drivers/STM32L4xx_HAL_Driver/Src/stm32l4xx_hal_flash_ex.o" --specs=nano.specs -mfpu=fpv4-sp-d16 -mfloat-abi=hard -mthumb -o "Drivers/STM32L4xx_HAL_Driver/Src/stm32l4xx_hal_flash_ex.o"
arm-none-eabi-gcc "../Drivers/STM32L4xx_HAL_Driver/Src/stm32l4xx_hal_flash_ramfunc.c" -mcpu=cortex-m4 -std=gnu11 -g3 -DDEBUG -DUSE_HAL_DRIVER -DSTM32L412xx -DBOARD_PWM_GENERATOR_1_0 -DTARGET_ARCH_ARM -DNO_MARIA_INFO -DLINK_MARIA -c -I../Core/Inc -I../Drivers/STM32L4xx_HAL_Driver/Inc -I../Drivers/STM32L4xx_HAL_Driver/Inc/Legacy -I../Drivers/CMSIS/Device/ST/STM32L4xx/Include -I../Drivers/CMSIS/Include -I"C:/houston/src/stm32/workspace_pwm_generator/pwm_generator/src/common_drivers" -I"C:/houston/src/stm32/workspace_pwm_generator/pwm_generator/src/maria_monitor/src" -I"C:/houston/src/stm32/workspace_pwm_generator/pwm_generator/src" -O0 -ffunction-sections -fdata-sections -Wall -fstack-usage -fcyclomatic-complexity -MMD -MP -MF"Drivers/STM32L4xx_HAL_Driver/Src/stm32l4xx_hal_flash_ramfunc.d" -MT"Drivers/STM32L4xx_HAL_Driver/Src/stm32l4xx_hal_flash_ramfunc.o" --specs=nano.specs -mfpu=fpv4-sp-d16 -mfloat-abi=hard -mthumb -o "Drivers/STM32L4xx_HAL_Driver/Src/stm32l4xx_hal_flash_ramfunc.o"
arm-none-eabi-gcc "../Drivers/STM32L4xx_HAL_Driver/Src/stm32l4xx_hal_gpio.c" -mcpu=cortex-m4 -std=gnu11 -g3 -DDEBUG -DUSE_HAL_DRIVER -DSTM32L412xx -DBOARD_PWM_GENERATOR_1_0 -DTARGET_ARCH_ARM -DNO_MARIA_INFO -DLINK_MARIA -c -I../Core/Inc -I../Drivers/STM32L4xx_HAL_Driver/Inc -I../Drivers/STM32L4xx_HAL_Driver/Inc/Legacy -I../Drivers/CMSIS/Device/ST/STM32L4xx/Include -I../Drivers/CMSIS/Include -I"C:/houston/src/stm32/workspace_pwm_generator/pwm_generator/src/common_drivers" -I"C:/houston/src/stm32/workspace_pwm_generator/pwm_generator/src/maria_monitor/src" -I"C:/houston/src/stm32/workspace_pwm_generator/pwm_generator/src" -O0 -ffunction-sections -fdata-sections -Wall -fstack-usage -fcyclomatic-complexity -MMD -MP -MF"Drivers/STM32L4xx_HAL_Driver/Src/stm32l4xx_hal_gpio.d" -MT"Drivers/STM32L4xx_HAL_Driver/Src/stm32l4xx_hal_gpio.o" --specs=nano.specs -mfpu=fpv4-sp-d16 -mfloat-abi=hard -mthumb -o "Drivers/STM32L4xx_HAL_Driver/Src/stm32l4xx_hal_gpio.o"
arm-none-eabi-gcc "../Drivers/STM32L4xx_HAL_Driver/Src/stm32l4xx_hal_i2c.c" -mcpu=cortex-m4 -std=gnu11 -g3 -DDEBUG -DUSE_HAL_DRIVER -DSTM32L412xx -DBOARD_PWM_GENERATOR_1_0 -DTARGET_ARCH_ARM -DNO_MARIA_INFO -DLINK_MARIA -c -I../Core/Inc -I../Drivers/STM32L4xx_HAL_Driver/Inc -I../Drivers/STM32L4xx_HAL_Driver/Inc/Legacy -I../Drivers/CMSIS/Device/ST/STM32L4xx/Include -I../Drivers/CMSIS/Include -I"C:/houston/src/stm32/workspace_pwm_generator/pwm_generator/src/common_drivers" -I"C:/houston/src/stm32/workspace_pwm_generator/pwm_generator/src/maria_monitor/src" -I"C:/houston/src/stm32/workspace_pwm_generator/pwm_generator/src" -O0 -ffunction-sections -fdata-sections -Wall -fstack-usage -fcyclomatic-complexity -MMD -MP -MF"Drivers/STM32L4xx_HAL_Driver/Src/stm32l4xx_hal_i2c.d" -MT"Drivers/STM32L4xx_HAL_Driver/Src/stm32l4xx_hal_i2c.o" --specs=nano.specs -mfpu=fpv4-sp-d16 -mfloat-abi=hard -mthumb -o "Drivers/STM32L4xx_HAL_Driver/Src/stm32l4xx_hal_i2c.o"
arm-none-eabi-gcc "../Drivers/STM32L4xx_HAL_Driver/Src/stm32l4xx_hal_i2c_ex.c" -mcpu=cortex-m4 -std=gnu11 -g3 -DDEBUG -DUSE_HAL_DRIVER -DSTM32L412xx -DBOARD_PWM_GENERATOR_1_0 -DTARGET_ARCH_ARM -DNO_MARIA_INFO -DLINK_MARIA -c -I../Core/Inc -I../Drivers/STM32L4xx_HAL_Driver/Inc -I../Drivers/STM32L4xx_HAL_Driver/Inc/Legacy -I../Drivers/CMSIS/Device/ST/STM32L4xx/Include -I../Drivers/CMSIS/Include -I"C:/houston/src/stm32/workspace_pwm_generator/pwm_generator/src/common_drivers" -I"C:/houston/src/stm32/workspace_pwm_generator/pwm_generator/src/maria_monitor/src" -I"C:/houston/src/stm32/workspace_pwm_generator/pwm_generator/src" -O0 -ffunction-sections -fdata-sections -Wall -fstack-usage -fcyclomatic-complexity -MMD -MP -MF"Drivers/STM32L4xx_HAL_Driver/Src/stm32l4xx_hal_i2c_ex.d" -MT"Drivers/STM32L4xx_HAL_Driver/Src/stm32l4xx_hal_i2c_ex.o" --specs=nano.specs -mfpu=fpv4-sp-d16 -mfloat-abi=hard -mthumb -o "Drivers/STM32L4xx_HAL_Driver/Src/stm32l4xx_hal_i2c_ex.o"
arm-none-eabi-gcc "../Drivers/STM32L4xx_HAL_Driver/Src/stm32l4xx_hal_pwr.c" -mcpu=cortex-m4 -std=gnu11 -g3 -DDEBUG -DUSE_HAL_DRIVER -DSTM32L412xx -DBOARD_PWM_GENERATOR_1_0 -DTARGET_ARCH_ARM -DNO_MARIA_INFO -DLINK_MARIA -c -I../Core/Inc -I../Drivers/STM32L4xx_HAL_Driver/Inc -I../Drivers/STM32L4xx_HAL_Driver/Inc/Legacy -I../Drivers/CMSIS/Device/ST/STM32L4xx/Include -I../Drivers/CMSIS/Include -I"C:/houston/src/stm32/workspace_pwm_generator/pwm_generator/src/common_drivers" -I"C:/houston/src/stm32/workspace_pwm_generator/pwm_generator/src/maria_monitor/src" -I"C:/houston/src/stm32/workspace_pwm_generator/pwm_generator/src" -O0 -ffunction-sections -fdata-sections -Wall -fstack-usage -fcyclomatic-complexity -MMD -MP -MF"Drivers/STM32L4xx_HAL_Driver/Src/stm32l4xx_hal_pwr.d" -MT"Drivers/STM32L4xx_HAL_Driver/Src/stm32l4xx_hal_pwr.o" --specs=nano.specs -mfpu=fpv4-sp-d16 -mfloat-abi=hard -mthumb -o "Drivers/STM32L4xx_HAL_Driver/Src/stm32l4xx_hal_pwr.o"
../src/common_drivers/maria_table.c: In function 'init_maria_table':
../src/common_drivers/maria_table.c:81:10: warning: unused variable 'i' [-Wunused-variable]
   81 |      int i=0;
      |          ^
arm-none-eabi-gcc "../Drivers/STM32L4xx_HAL_Driver/Src/stm32l4xx_hal_pwr_ex.c" -mcpu=cortex-m4 -std=gnu11 -g3 -DDEBUG -DUSE_HAL_DRIVER -DSTM32L412xx -DBOARD_PWM_GENERATOR_1_0 -DTARGET_ARCH_ARM -DNO_MARIA_INFO -DLINK_MARIA -c -I../Core/Inc -I../Drivers/STM32L4xx_HAL_Driver/Inc -I../Drivers/STM32L4xx_HAL_Driver/Inc/Legacy -I../Drivers/CMSIS/Device/ST/STM32L4xx/Include -I../Drivers/CMSIS/Include -I"C:/houston/src/stm32/workspace_pwm_generator/pwm_generator/src/common_drivers" -I"C:/houston/src/stm32/workspace_pwm_generator/pwm_generator/src/maria_monitor/src" -I"C:/houston/src/stm32/workspace_pwm_generator/pwm_generator/src" -O0 -ffunction-sections -fdata-sections -Wall -fstack-usage -fcyclomatic-complexity -MMD -MP -MF"Drivers/STM32L4xx_HAL_Driver/Src/stm32l4xx_hal_pwr_ex.d" -MT"Drivers/STM32L4xx_HAL_Driver/Src/stm32l4xx_hal_pwr_ex.o" --specs=nano.specs -mfpu=fpv4-sp-d16 -mfloat-abi=hard -mthumb -o "Drivers/STM32L4xx_HAL_Driver/Src/stm32l4xx_hal_pwr_ex.o"
arm-none-eabi-gcc "../Drivers/STM32L4xx_HAL_Driver/Src/stm32l4xx_hal_rcc.c" -mcpu=cortex-m4 -std=gnu11 -g3 -DDEBUG -DUSE_HAL_DRIVER -DSTM32L412xx -DBOARD_PWM_GENERATOR_1_0 -DTARGET_ARCH_ARM -DNO_MARIA_INFO -DLINK_MARIA -c -I../Core/Inc -I../Drivers/STM32L4xx_HAL_Driver/Inc -I../Drivers/STM32L4xx_HAL_Driver/Inc/Legacy -I../Drivers/CMSIS/Device/ST/STM32L4xx/Include -I../Drivers/CMSIS/Include -I"C:/houston/src/stm32/workspace_pwm_generator/pwm_generator/src/common_drivers" -I"C:/houston/src/stm32/workspace_pwm_generator/pwm_generator/src/maria_monitor/src" -I"C:/houston/src/stm32/workspace_pwm_generator/pwm_generator/src" -O0 -ffunction-sections -fdata-sections -Wall -fstack-usage -fcyclomatic-complexity -MMD -MP -MF"Drivers/STM32L4xx_HAL_Driver/Src/stm32l4xx_hal_rcc.d" -MT"Drivers/STM32L4xx_HAL_Driver/Src/stm32l4xx_hal_rcc.o" --specs=nano.specs -mfpu=fpv4-sp-d16 -mfloat-abi=hard -mthumb -o "Drivers/STM32L4xx_HAL_Driver/Src/stm32l4xx_hal_rcc.o"
arm-none-eabi-gcc "../Drivers/STM32L4xx_HAL_Driver/Src/stm32l4xx_hal_rcc_ex.c" -mcpu=cortex-m4 -std=gnu11 -g3 -DDEBUG -DUSE_HAL_DRIVER -DSTM32L412xx -DBOARD_PWM_GENERATOR_1_0 -DTARGET_ARCH_ARM -DNO_MARIA_INFO -DLINK_MARIA -c -I../Core/Inc -I../Drivers/STM32L4xx_HAL_Driver/Inc -I../Drivers/STM32L4xx_HAL_Driver/Inc/Legacy -I../Drivers/CMSIS/Device/ST/STM32L4xx/Include -I../Drivers/CMSIS/Include -I"C:/houston/src/stm32/workspace_pwm_generator/pwm_generator/src/common_drivers" -I"C:/houston/src/stm32/workspace_pwm_generator/pwm_generator/src/maria_monitor/src" -I"C:/houston/src/stm32/workspace_pwm_generator/pwm_generator/src" -O0 -ffunction-sections -fdata-sections -Wall -fstack-usage -fcyclomatic-complexity -MMD -MP -MF"Drivers/STM32L4xx_HAL_Driver/Src/stm32l4xx_hal_rcc_ex.d" -MT"Drivers/STM32L4xx_HAL_Driver/Src/stm32l4xx_hal_rcc_ex.o" --specs=nano.specs -mfpu=fpv4-sp-d16 -mfloat-abi=hard -mthumb -o "Drivers/STM32L4xx_HAL_Driver/Src/stm32l4xx_hal_rcc_ex.o"
arm-none-eabi-gcc "../Drivers/STM32L4xx_HAL_Driver/Src/stm32l4xx_hal_tim.c" -mcpu=cortex-m4 -std=gnu11 -g3 -DDEBUG -DUSE_HAL_DRIVER -DSTM32L412xx -DBOARD_PWM_GENERATOR_1_0 -DTARGET_ARCH_ARM -DNO_MARIA_INFO -DLINK_MARIA -c -I../Core/Inc -I../Drivers/STM32L4xx_HAL_Driver/Inc -I../Drivers/STM32L4xx_HAL_Driver/Inc/Legacy -I../Drivers/CMSIS/Device/ST/STM32L4xx/Include -I../Drivers/CMSIS/Include -I"C:/houston/src/stm32/workspace_pwm_generator/pwm_generator/src/common_drivers" -I"C:/houston/src/stm32/workspace_pwm_generator/pwm_generator/src/maria_monitor/src" -I"C:/houston/src/stm32/workspace_pwm_generator/pwm_generator/src" -O0 -ffunction-sections -fdata-sections -Wall -fstack-usage -fcyclomatic-complexity -MMD -MP -MF"Drivers/STM32L4xx_HAL_Driver/Src/stm32l4xx_hal_tim.d" -MT"Drivers/STM32L4xx_HAL_Driver/Src/stm32l4xx_hal_tim.o" --specs=nano.specs -mfpu=fpv4-sp-d16 -mfloat-abi=hard -mthumb -o "Drivers/STM32L4xx_HAL_Driver/Src/stm32l4xx_hal_tim.o"
arm-none-eabi-gcc "../Drivers/STM32L4xx_HAL_Driver/Src/stm32l4xx_hal_tim_ex.c" -mcpu=cortex-m4 -std=gnu11 -g3 -DDEBUG -DUSE_HAL_DRIVER -DSTM32L412xx -DBOARD_PWM_GENERATOR_1_0 -DTARGET_ARCH_ARM -DNO_MARIA_INFO -DLINK_MARIA -c -I../Core/Inc -I../Drivers/STM32L4xx_HAL_Driver/Inc -I../Drivers/STM32L4xx_HAL_Driver/Inc/Legacy -I../Drivers/CMSIS/Device/ST/STM32L4xx/Include -I../Drivers/CMSIS/Include -I"C:/houston/src/stm32/workspace_pwm_generator/pwm_generator/src/common_drivers" -I"C:/houston/src/stm32/workspace_pwm_generator/pwm_generator/src/maria_monitor/src" -I"C:/houston/src/stm32/workspace_pwm_generator/pwm_generator/src" -O0 -ffunction-sections -fdata-sections -Wall -fstack-usage -fcyclomatic-complexity -MMD -MP -MF"Drivers/STM32L4xx_HAL_Driver/Src/stm32l4xx_hal_tim_ex.d" -MT"Drivers/STM32L4xx_HAL_Driver/Src/stm32l4xx_hal_tim_ex.o" --specs=nano.specs -mfpu=fpv4-sp-d16 -mfloat-abi=hard -mthumb -o "Drivers/STM32L4xx_HAL_Driver/Src/stm32l4xx_hal_tim_ex.o"
arm-none-eabi-gcc "../Drivers/STM32L4xx_HAL_Driver/Src/stm32l4xx_hal_uart.c" -mcpu=cortex-m4 -std=gnu11 -g3 -DDEBUG -DUSE_HAL_DRIVER -DSTM32L412xx -DBOARD_PWM_GENERATOR_1_0 -DTARGET_ARCH_ARM -DNO_MARIA_INFO -DLINK_MARIA -c -I../Core/Inc -I../Drivers/STM32L4xx_HAL_Driver/Inc -I../Drivers/STM32L4xx_HAL_Driver/Inc/Legacy -I../Drivers/CMSIS/Device/ST/STM32L4xx/Include -I../Drivers/CMSIS/Include -I"C:/houston/src/stm32/workspace_pwm_generator/pwm_generator/src/common_drivers" -I"C:/houston/src/stm32/workspace_pwm_generator/pwm_generator/src/maria_monitor/src" -I"C:/houston/src/stm32/workspace_pwm_generator/pwm_generator/src" -O0 -ffunction-sections -fdata-sections -Wall -fstack-usage -fcyclomatic-complexity -MMD -MP -MF"Drivers/STM32L4xx_HAL_Driver/Src/stm32l4xx_hal_uart.d" -MT"Drivers/STM32L4xx_HAL_Driver/Src/stm32l4xx_hal_uart.o" --specs=nano.specs -mfpu=fpv4-sp-d16 -mfloat-abi=hard -mthumb -o "Drivers/STM32L4xx_HAL_Driver/Src/stm32l4xx_hal_uart.o"
../src/brd_pwm_generator.c: In function 'mainTaskLoopIteration':
../src/brd_pwm_generator.c:118:25: warning: unused variable 'i' [-Wunused-variable]
  118 |     int                 i;
      |                         ^
In file included from ../Core/Inc/stm32l4xx_hal_conf.h:442,
                 from ../Drivers/STM32L4xx_HAL_Driver/Inc/stm32l4xx_hal.h:29,
                 from ../Core/Inc/main.h:30,
                 from ../src/brd_pwm_generator.h:8,
                 from ../src/symbols.c:5:
../src/symbols.c: In function 'setPwm':
../Drivers/STM32L4xx_HAL_Driver/Inc/stm32l4xx_hal_tim.h:775:44: warning: excess elements in array initializer
  775 | #define TIM_CHANNEL_3                      0x00000008U                          /*!< Capture/compare channel 3 identifier      */
      |                                            ^~~~~~~~~~~
../src/symbols.c:28:59: note: in expansion of macro 'TIM_CHANNEL_3'
   28 |         int ch[TOT_PWM] = { TIM_CHANNEL_1, TIM_CHANNEL_2, TIM_CHANNEL_3, TIM_CHANNEL_4 };
      |                                                           ^~~~~~~~~~~~~
../Drivers/STM32L4xx_HAL_Driver/Inc/stm32l4xx_hal_tim.h:775:44: note: (near initialization for 'ch')
  775 | #define TIM_CHANNEL_3                      0x00000008U                          /*!< Capture/compare channel 3 identifier      */
      |                                            ^~~~~~~~~~~
../src/symbols.c:28:59: note: in expansion of macro 'TIM_CHANNEL_3'
   28 |         int ch[TOT_PWM] = { TIM_CHANNEL_1, TIM_CHANNEL_2, TIM_CHANNEL_3, TIM_CHANNEL_4 };
      |                                                           ^~~~~~~~~~~~~
../Drivers/STM32L4xx_HAL_Driver/Inc/stm32l4xx_hal_tim.h:776:44: warning: excess elements in array initializer
  776 | #define TIM_CHANNEL_4                      0x0000000CU                          /*!< Capture/compare channel 4 identifier      */
      |                                            ^~~~~~~~~~~
../src/symbols.c:28:74: note: in expansion of macro 'TIM_CHANNEL_4'
   28 |         int ch[TOT_PWM] = { TIM_CHANNEL_1, TIM_CHANNEL_2, TIM_CHANNEL_3, TIM_CHANNEL_4 };
      |                                                                          ^~~~~~~~~~~~~
../Drivers/STM32L4xx_HAL_Driver/Inc/stm32l4xx_hal_tim.h:776:44: note: (near initialization for 'ch')
  776 | #define TIM_CHANNEL_4                      0x0000000CU                          /*!< Capture/compare channel 4 identifier      */
      |                                            ^~~~~~~~~~~
../src/symbols.c:28:74: note: in expansion of macro 'TIM_CHANNEL_4'
   28 |         int ch[TOT_PWM] = { TIM_CHANNEL_1, TIM_CHANNEL_2, TIM_CHANNEL_3, TIM_CHANNEL_4 };
      |                                                                          ^~~~~~~~~~~~~
In file included from C:/houston/src/stm32/workspace_pwm_generator/pwm_generator/src/maria_monitor/src/maria.h:11,
                 from ../src/brd_pwm_generator.h:11:
../src/symbols.c: In function 'showStat':
C:/houston/src/stm32/workspace_pwm_generator/pwm_generator/src/maria_monitor/src/maria_parser.h:17:23: warning: implicit declaration of function 'sprintf' [-Wimplicit-function-declaration]
   17 | #define ARD_sprintf   sprintf
      |                       ^~~~~~~
../src/symbols.c:75:9: note: in expansion of macro 'ARD_sprintf'
   75 |         ARD_sprintf(p1, "%s     ", p0);
      |         ^~~~~~~~~~~
../src/symbols.c:6:1: note: include '<stdio.h>' or provide a declaration of 'sprintf'
    5 | #include "brd_pwm_generator.h"
  +++ |+#include <stdio.h>
    6 | 
C:/houston/src/stm32/workspace_pwm_generator/pwm_generator/src/maria_monitor/src/maria_parser.h:17:23: warning: incompatible implicit declaration of built-in function 'sprintf' [-Wbuiltin-declaration-mismatch]
   17 | #define ARD_sprintf   sprintf
      |                       ^~~~~~~
../src/symbols.c:75:9: note: in expansion of macro 'ARD_sprintf'
   75 |         ARD_sprintf(p1, "%s     ", p0);
      |         ^~~~~~~~~~~
C:/houston/src/stm32/workspace_pwm_generator/pwm_generator/src/maria_monitor/src/maria_parser.h:17:23: note: include '<stdio.h>' or provide a declaration of 'sprintf'
   17 | #define ARD_sprintf   sprintf
      |                       ^~~~~~~
../src/symbols.c:75:9: note: in expansion of macro 'ARD_sprintf'
   75 |         ARD_sprintf(p1, "%s     ", p0);
      |         ^~~~~~~~~~~
arm-none-eabi-gcc "../Drivers/STM32L4xx_HAL_Driver/Src/stm32l4xx_hal_uart_ex.c" -mcpu=cortex-m4 -std=gnu11 -g3 -DDEBUG -DUSE_HAL_DRIVER -DSTM32L412xx -DBOARD_PWM_GENERATOR_1_0 -DTARGET_ARCH_ARM -DNO_MARIA_INFO -DLINK_MARIA -c -I../Core/Inc -I../Drivers/STM32L4xx_HAL_Driver/Inc -I../Drivers/STM32L4xx_HAL_Driver/Inc/Legacy -I../Drivers/CMSIS/Device/ST/STM32L4xx/Include -I../Drivers/CMSIS/Include -I"C:/houston/src/stm32/workspace_pwm_generator/pwm_generator/src/common_drivers" -I"C:/houston/src/stm32/workspace_pwm_generator/pwm_generator/src/maria_monitor/src" -I"C:/houston/src/stm32/workspace_pwm_generator/pwm_generator/src" -O0 -ffunction-sections -fdata-sections -Wall -fstack-usage -fcyclomatic-complexity -MMD -MP -MF"Drivers/STM32L4xx_HAL_Driver/Src/stm32l4xx_hal_uart_ex.d" -MT"Drivers/STM32L4xx_HAL_Driver/Src/stm32l4xx_hal_uart_ex.o" --specs=nano.specs -mfpu=fpv4-sp-d16 -mfloat-abi=hard -mthumb -o "Drivers/STM32L4xx_HAL_Driver/Src/stm32l4xx_hal_uart_ex.o"
arm-none-eabi-gcc "../Core/Src/main.c" -mcpu=cortex-m4 -std=gnu11 -g3 -DDEBUG -DUSE_HAL_DRIVER -DSTM32L412xx -DBOARD_PWM_GENERATOR_1_0 -DTARGET_ARCH_ARM -DNO_MARIA_INFO -DLINK_MARIA -c -I../Core/Inc -I../Drivers/STM32L4xx_HAL_Driver/Inc -I../Drivers/STM32L4xx_HAL_Driver/Inc/Legacy -I../Drivers/CMSIS/Device/ST/STM32L4xx/Include -I../Drivers/CMSIS/Include -I"C:/houston/src/stm32/workspace_pwm_generator/pwm_generator/src/common_drivers" -I"C:/houston/src/stm32/workspace_pwm_generator/pwm_generator/src/maria_monitor/src" -I"C:/houston/src/stm32/workspace_pwm_generator/pwm_generator/src" -O0 -ffunction-sections -fdata-sections -Wall -fstack-usage -fcyclomatic-complexity -MMD -MP -MF"Core/Src/main.d" -MT"Core/Src/main.o" --specs=nano.specs -mfpu=fpv4-sp-d16 -mfloat-abi=hard -mthumb -o "Core/Src/main.o"
arm-none-eabi-gcc "../Core/Src/stm32l4xx_hal_msp.c" -mcpu=cortex-m4 -std=gnu11 -g3 -DDEBUG -DUSE_HAL_DRIVER -DSTM32L412xx -DBOARD_PWM_GENERATOR_1_0 -DTARGET_ARCH_ARM -DNO_MARIA_INFO -DLINK_MARIA -c -I../Core/Inc -I../Drivers/STM32L4xx_HAL_Driver/Inc -I../Drivers/STM32L4xx_HAL_Driver/Inc/Legacy -I../Drivers/CMSIS/Device/ST/STM32L4xx/Include -I../Drivers/CMSIS/Include -I"C:/houston/src/stm32/workspace_pwm_generator/pwm_generator/src/common_drivers" -I"C:/houston/src/stm32/workspace_pwm_generator/pwm_generator/src/maria_monitor/src" -I"C:/houston/src/stm32/workspace_pwm_generator/pwm_generator/src" -O0 -ffunction-sections -fdata-sections -Wall -fstack-usage -fcyclomatic-complexity -MMD -MP -MF"Core/Src/stm32l4xx_hal_msp.d" -MT"Core/Src/stm32l4xx_hal_msp.o" --specs=nano.specs -mfpu=fpv4-sp-d16 -mfloat-abi=hard -mthumb -o "Core/Src/stm32l4xx_hal_msp.o"
arm-none-eabi-gcc "../Core/Src/stm32l4xx_it.c" -mcpu=cortex-m4 -std=gnu11 -g3 -DDEBUG -DUSE_HAL_DRIVER -DSTM32L412xx -DBOARD_PWM_GENERATOR_1_0 -DTARGET_ARCH_ARM -DNO_MARIA_INFO -DLINK_MARIA -c -I../Core/Inc -I../Drivers/STM32L4xx_HAL_Driver/Inc -I../Drivers/STM32L4xx_HAL_Driver/Inc/Legacy -I../Drivers/CMSIS/Device/ST/STM32L4xx/Include -I../Drivers/CMSIS/Include -I"C:/houston/src/stm32/workspace_pwm_generator/pwm_generator/src/common_drivers" -I"C:/houston/src/stm32/workspace_pwm_generator/pwm_generator/src/maria_monitor/src" -I"C:/houston/src/stm32/workspace_pwm_generator/pwm_generator/src" -O0 -ffunction-sections -fdata-sections -Wall -fstack-usage -fcyclomatic-complexity -MMD -MP -MF"Core/Src/stm32l4xx_it.d" -MT"Core/Src/stm32l4xx_it.o" --specs=nano.specs -mfpu=fpv4-sp-d16 -mfloat-abi=hard -mthumb -o "Core/Src/stm32l4xx_it.o"
arm-none-eabi-gcc "../Core/Src/system_stm32l4xx.c" -mcpu=cortex-m4 -std=gnu11 -g3 -DDEBUG -DUSE_HAL_DRIVER -DSTM32L412xx -DBOARD_PWM_GENERATOR_1_0 -DTARGET_ARCH_ARM -DNO_MARIA_INFO -DLINK_MARIA -c -I../Core/Inc -I../Drivers/STM32L4xx_HAL_Driver/Inc -I../Drivers/STM32L4xx_HAL_Driver/Inc/Legacy -I../Drivers/CMSIS/Device/ST/STM32L4xx/Include -I../Drivers/CMSIS/Include -I"C:/houston/src/stm32/workspace_pwm_generator/pwm_generator/src/common_drivers" -I"C:/houston/src/stm32/workspace_pwm_generator/pwm_generator/src/maria_monitor/src" -I"C:/houston/src/stm32/workspace_pwm_generator/pwm_generator/src" -O0 -ffunction-sections -fdata-sections -Wall -fstack-usage -fcyclomatic-complexity -MMD -MP -MF"Core/Src/system_stm32l4xx.d" -MT"Core/Src/system_stm32l4xx.o" --specs=nano.specs -mfpu=fpv4-sp-d16 -mfloat-abi=hard -mthumb -o "Core/Src/system_stm32l4xx.o"
arm-none-eabi-gcc -o "pwm_generator.elf" @"objects.list"   -mcpu=cortex-m4 -T"C:\houston\src\stm32\workspace_pwm_generator\pwm_generator\STM32L412KBUX_FLASH.ld" --specs=nosys.specs -Wl,-Map="pwm_generator.map" -Wl,--gc-sections -static --specs=nano.specs -mfpu=fpv4-sp-d16 -mfloat-abi=hard -mthumb -Wl,--start-group -lc -lm -Wl,--end-group
Finished building target: pwm_generator.elf
 
arm-none-eabi-size  pwm_generator.elf 
arm-none-eabi-objdump -h -S pwm_generator.elf  > "pwm_generator.list"
   text	   data	    bss	    dec	    hex	filename
  30952	   1488	   3416	  35856	   8c10	pwm_generator.elf
Finished building: default.size.stdout
 
Finished building: pwm_generator.list
 
python ..\__build_tool.py post pwm_generator
proj: pwm_generator phase: post
 
16:39:45 **** Incremental Build of configuration Debug for project pwm_generator ****
make -j20 all 
python ..\__build_tool.py pre pwm_generator
Unable to open ../Debug/src/symbols.o
proj: pwm_generator phase: pre
 
arm-none-eabi-gcc "../src/common_drivers/maria_table.c" -mcpu=cortex-m4 -std=gnu11 -g3 -DDEBUG -DUSE_HAL_DRIVER -DSTM32L412xx -DBOARD_PWM_GENERATOR_1_0 -DTARGET_ARCH_ARM -DNO_MARIA_INFO -DLINK_MARIA -c -I../Core/Inc -I../Drivers/STM32L4xx_HAL_Driver/Inc -I../Drivers/STM32L4xx_HAL_Driver/Inc/Legacy -I../Drivers/CMSIS/Device/ST/STM32L4xx/Include -I../Drivers/CMSIS/Include -I"C:/houston/src/stm32/workspace_pwm_generator/pwm_generator/src/common_drivers" -I"C:/houston/src/stm32/workspace_pwm_generator/pwm_generator/src/maria_monitor/src" -I"C:/houston/src/stm32/workspace_pwm_generator/pwm_generator/src" -O0 -ffunction-sections -fdata-sections -Wall -fstack-usage -fcyclomatic-complexity -MMD -MP -MF"src/common_drivers/maria_table.d" -MT"src/common_drivers/maria_table.o" --specs=nano.specs -mfpu=fpv4-sp-d16 -mfloat-abi=hard -mthumb -o "src/common_drivers/maria_table.o"
arm-none-eabi-gcc "../src/symbols.c" -mcpu=cortex-m4 -std=gnu11 -g3 -DDEBUG -DUSE_HAL_DRIVER -DSTM32L412xx -DBOARD_PWM_GENERATOR_1_0 -DTARGET_ARCH_ARM -DNO_MARIA_INFO -DLINK_MARIA -c -I../Core/Inc -I../Drivers/STM32L4xx_HAL_Driver/Inc -I../Drivers/STM32L4xx_HAL_Driver/Inc/Legacy -I../Drivers/CMSIS/Device/ST/STM32L4xx/Include -I../Drivers/CMSIS/Include -I"C:/houston/src/stm32/workspace_pwm_generator/pwm_generator/src/common_drivers" -I"C:/houston/src/stm32/workspace_pwm_generator/pwm_generator/src/maria_monitor/src" -I"C:/houston/src/stm32/workspace_pwm_generator/pwm_generator/src" -O0 -ffunction-sections -fdata-sections -Wall -fstack-usage -fcyclomatic-complexity -MMD -MP -MF"src/symbols.d" -MT"src/symbols.o" --specs=nano.specs -mfpu=fpv4-sp-d16 -mfloat-abi=hard -mthumb -o "src/symbols.o"
arm-none-eabi-gcc "../Core/Src/main.c" -mcpu=cortex-m4 -std=gnu11 -g3 -DDEBUG -DUSE_HAL_DRIVER -DSTM32L412xx -DBOARD_PWM_GENERATOR_1_0 -DTARGET_ARCH_ARM -DNO_MARIA_INFO -DLINK_MARIA -c -I../Core/Inc -I../Drivers/STM32L4xx_HAL_Driver/Inc -I../Drivers/STM32L4xx_HAL_Driver/Inc/Legacy -I../Drivers/CMSIS/Device/ST/STM32L4xx/Include -I../Drivers/CMSIS/Include -I"C:/houston/src/stm32/workspace_pwm_generator/pwm_generator/src/common_drivers" -I"C:/houston/src/stm32/workspace_pwm_generator/pwm_generator/src/maria_monitor/src" -I"C:/houston/src/stm32/workspace_pwm_generator/pwm_generator/src" -O0 -ffunction-sections -fdata-sections -Wall -fstack-usage -fcyclomatic-complexity -MMD -MP -MF"Core/Src/main.d" -MT"Core/Src/main.o" --specs=nano.specs -mfpu=fpv4-sp-d16 -mfloat-abi=hard -mthumb -o "Core/Src/main.o"
../src/common_drivers/maria_table.c: In function 'init_maria_table':
../src/common_drivers/maria_table.c:81:10: warning: unused variable 'i' [-Wunused-variable]
   81 |      int i=0;
      |          ^
In file included from C:/houston/src/stm32/workspace_pwm_generator/pwm_generator/src/maria_monitor/src/maria.h:11,
                 from ../src/brd_pwm_generator.h:11,
                 from ../src/symbols.c:5:
../src/symbols.c: In function 'showStat':
C:/houston/src/stm32/workspace_pwm_generator/pwm_generator/src/maria_monitor/src/maria_parser.h:17:23: warning: implicit declaration of function 'sprintf' [-Wimplicit-function-declaration]
   17 | #define ARD_sprintf   sprintf
      |                       ^~~~~~~
../src/symbols.c:75:9: note: in expansion of macro 'ARD_sprintf'
   75 |         ARD_sprintf(p1, "%s     ", p0);
      |         ^~~~~~~~~~~
../src/symbols.c:6:1: note: include '<stdio.h>' or provide a declaration of 'sprintf'
    5 | #include "brd_pwm_generator.h"
  +++ |+#include <stdio.h>
    6 | 
C:/houston/src/stm32/workspace_pwm_generator/pwm_generator/src/maria_monitor/src/maria_parser.h:17:23: warning: incompatible implicit declaration of built-in function 'sprintf' [-Wbuiltin-declaration-mismatch]
   17 | #define ARD_sprintf   sprintf
      |                       ^~~~~~~
../src/symbols.c:75:9: note: in expansion of macro 'ARD_sprintf'
   75 |         ARD_sprintf(p1, "%s     ", p0);
      |         ^~~~~~~~~~~
C:/houston/src/stm32/workspace_pwm_generator/pwm_generator/src/maria_monitor/src/maria_parser.h:17:23: note: include '<stdio.h>' or provide a declaration of 'sprintf'
   17 | #define ARD_sprintf   sprintf
      |                       ^~~~~~~
../src/symbols.c:75:9: note: in expansion of macro 'ARD_sprintf'
   75 |         ARD_sprintf(p1, "%s     ", p0);
      |         ^~~~~~~~~~~
arm-none-eabi-gcc -o "pwm_generator.elf" @"objects.list"   -mcpu=cortex-m4 -T"C:\houston\src\stm32\workspace_pwm_generator\pwm_generator\STM32L412KBUX_FLASH.ld" --specs=nosys.specs -Wl,-Map="pwm_generator.map" -Wl,--gc-sections -static --specs=nano.specs -mfpu=fpv4-sp-d16 -mfloat-abi=hard -mthumb -Wl,--start-group -lc -lm -Wl,--end-group
Finished building target: pwm_generator.elf
 
arm-none-eabi-size  pwm_generator.elf 
arm-none-eabi-objdump -h -S pwm_generator.elf  > "pwm_generator.list"
   text	   data	    bss	    dec	    hex	filename
  30956	   1488	   3416	  35860	   8c14	pwm_generator.elf
Finished building: default.size.stdout
 
Finished building: pwm_generator.list
 
python ..\__build_tool.py post pwm_generator
proj: pwm_generator phase: post
 
